---- qbsp / ericw-tools 2.0.0-alpha8-64-gbbe39c7c ----

--- Options Summary ---
    "nocolor" was set to "1" (from command line)

Input file: C:\Users\mpatn\Documents\GitHub\Castle-Quake\quake-leveldesign-starterkit-20241231-windows\working\quake\Castle-compile.map
Output file: C:\Users\mpatn\Documents\GitHub\Castle-Quake\quake-leveldesign-starterkit-20241231-windows\working\quake\Castle.bsp

INFO: using built-in palette.
WARNING: Castle-compile.map[line 4]: Unrecognised string escape - \.
WARNING: Castle-compile.map[line 4]: Unrecognised string escape - \e
WARNING: Castle-compile.map[line 4]: Unrecognised string escape - \q
WARNING: Castle-compile.map[line 4]: Unrecognised string escape - \p
WARNING: Castle-compile.map[line 4]: Unrecognised string escape - \p
WARNING: Castle-compile.map[line 4]: Unrecognised string escape - \.
WARNING: Castle-compile.map[line 4]: Unrecognised string escape - \.
WARNING: Castle-compile.map[line 4]: Unrecognised string escape - \.
WARNING: Castle-compile.map[line 4]: Unrecognised string escape - \.
WARNING: Castle-compile.map[line 4]: Unrecognised string escape - \.
WARNING: Castle-compile.map[line 4]: Unrecognised string escape - \.
WARNING: Castle-compile.map[line 4]: Unrecognised string escape - \.
WARNING: Castle-compile.map[line 4]: Unrecognised string escape - \q
WARNING: Castle-compile.map[line 4]: Unrecognised string escape - \e
WARNING: Castle-compile.map[line 4]: Unrecognised string escape - \q
WARNING: Castle-compile.map[line 4]: Unrecognised string escape - \p
WARNING: Castle-compile.map[line 4]: Unrecognised string escape - \p
WARNING: Castle-compile.map[line 4]: Unrecognised string escape - \.
WARNING: Castle-compile.map[line 4]: Unrecognised string escape - \e
WARNING: Castle-compile.map[line 4]: Unrecognised string escape - \q
WARNING: Castle-compile.map[line 4]: Unrecognised string escape - \p
WARNING: Castle-compile.map[line 4]: Unrecognised string escape - \p
WARNING: Castle-compile.map[line 6]: Unrecognised string escape - \p
WARNING: Castle-compile.map[line 6]: Unrecognised string escape - \p
fs::addArchive: WARNING: archive '..\..\..\..\..\..\..\..\quake-leveldesign-starterkit-20241231-windows\extras\quake\prototype-wad\prototype_basic_1_3.wad' not found
       18 entities
        3 unique textures
      943 texinfos
    1,398 unique planes

INFO: world extents calculated to 2328 units
      535 brushes
    3,071 sides
    1,594 side bevels

            0 texture frames added
WARNING: unable to find texture skip
Processing hull 0...
    535 SOLID brushes
    535 brushes total
    3,071 visible sides
INFO: calculating BSP for 535 brushes with 3071 sides
      535 brushes
    3,071 visible faces
    3,279 nodes
    3,268 expensive split nodes
       11 mid-split nodes
    3,280 leaves
    1,012 EMPTY leafs
    2,268 SOLID leafs
    3,280 leafs total
    51 max tree height
    27 avg tree height
    503 tiny portals
    14,180 tree portals
    364 outside leaves
    0 detail filled leafs
      535 brushes
    1,748 visible faces
    1,323 non-visible faces
    3,274 nodes
    1,513 non-visible nodes
    3,274 expensive split nodes
    3,275 leaves
    1,031 EMPTY leafs
    2,244 SOLID leafs
    3,275 leafs total
    35 max tree height
    16 avg tree height
    517 tiny portals
    14,006 tree portals
    510 outside leaves
    0 detail filled leafs
    517 tiny portals
    14,006 tree portals
    2,957 sides visible
    2,957 makefaces
      980 merged
      121 subdivided
    1,995 nodes pruned
    69 tiny portals
      521 player-occupiable leaves
      521 clusters of leaves
    1,567 vis portals
      759 SOLID leafs
      521 EMPTY leafs
    1,280 leafs total
    32 max tree height
    15 avg tree height
        3 edges degenerated
    1,940 edges added by tjunctions
    1,959 faces optimized through MWT
    5,824 triangles computed from MWT
      424 faces created via optimization of MWT triangles
    5,578 edges
    2,522 faces
Processing hull 1...
Processing hull 2...
WARNING: worldspawn at 0 0 0 has long value for key wad (length 234 >= 127)
Writing Castle.bsp as Quake BSP bsp29
Wrote Castle.bsp

count   lump name    byte size 
      1 models               64
   1004 planes            20080
   2900 vertexes          34800
   1279 nodes             30696
    572 texinfos          22880
   2522 faces             50440
   3062 clipnodes         24496
    522 leafs             14616
   3048 marksurfaces       6096
   5579 edges             22316
  11007 surfedges         44028
      3 textures          43616
        lightdata             0
        visdata               0
        entdata            1368

4.008s seconds elapsed


